src/App.tsx(31,7): error TS2353: Object literal may only specify known properties, and 'cacheTime' does not exist in type 'OmitKeyof<QueryObserverOptions<unknown, Error, unknown, unknown, QueryKey, never>, "suspense" | "queryKey", "strictly">'.
src/components/CallbackHandler.tsx(25,13): error TS6133: 'state' is declared but its value is never read.
src/components/ChannelSearchModal.tsx(90,45): error TS7006: Parameter 'channel' implicitly has an 'any' type.
src/components/discovery/StatsCard.tsx(15,20): error TS2339: Property 'upcomingPremieres' does not exist on type 'DiscoveryStats'.
src/components/discovery/StatsCard.tsx(20,20): error TS2339: Property 'trackedPremieres' does not exist on type 'DiscoveryStats'.
src/components/discovery/StatsCard.tsx(25,20): error TS2339: Property 'risingChannels' does not exist on type 'DiscoveryStats'.
src/components/discovery/StatsCard.tsx(64,24): error TS2339: Property 'upcomingPremieres' does not exist on type 'DiscoveryStats'.
src/components/discovery/StatsCard.tsx(64,50): error TS2339: Property 'risingChannels' does not exist on type 'DiscoveryStats'.
src/components/discovery/StatsCard.tsx(70,24): error TS2339: Property 'trackedPremieres' does not exist on type 'DiscoveryStats'.
src/components/GameSearchModal.tsx(64,11): error TS7006: Parameter 'game' implicitly has an 'any' type.
src/components/Layout.tsx(3,8): error TS6133: 'React' is declared but its value is never read.
src/components/Layout.tsx(11,3): error TS6133: 'Settings' is declared but its value is never read.
src/components/RealTimeProgress.tsx(3,8): error TS6133: 'React' is declared but its value is never read.
src/components/storage/StorageManagementDashboard.tsx(94,3): error TS6196: 'StorageAnalytics' is declared but never used.
src/components/storage/StorageManagementDashboard.tsx(95,3): error TS6196: 'VerificationStats' is declared but never used.
src/components/storage/StorageManagementDashboard.tsx(97,3): error TS6196: 'CleanupAnalysis' is declared but never used.
src/components/storage/StorageManagementDashboard.tsx(98,3): error TS6196: 'CleanupResult' is declared but never used.
src/components/storage/StorageManagementDashboard.tsx(268,47): error TS7006: Parameter 'file' implicitly has an 'any' type.
src/components/storage/StorageManagementDashboard.tsx(1104,55): error TS7006: Parameter 'channel' implicitly has an 'any' type.
src/components/storage/StorageManagementDashboard.tsx(1136,52): error TS7006: Parameter 'game' implicitly has an 'any' type.
src/components/TaskManager/DownloadHistory.tsx(25,3): error TS6133: 'Filter' is declared but its value is never read.
src/components/TaskManager/TaskStats.tsx(40,24): error TS7006: Parameter 'vod' implicitly has an 'any' type.
src/components/TaskManager/TaskStats.tsx(54,41): error TS7006: Parameter 'vod' implicitly has an 'any' type.
src/components/TaskManager/TaskStats.tsx(55,43): error TS7006: Parameter 'vod' implicitly has an 'any' type.
src/components/TaskManager/TaskStats.tsx(56,38): error TS7006: Parameter 'vod' implicitly has an 'any' type.
src/components/TaskManager/TaskStats.tsx(57,39): error TS7006: Parameter 'vod' implicitly has an 'any' type.
src/components/TaskManager/VodList.tsx(28,32): error TS7006: Parameter 'vod' implicitly has an 'any' type.
src/components/TaskManager/VodList.tsx(60,22): error TS7006: Parameter 'vod' implicitly has an 'any' type.
src/components/TaskManager/VodList.tsx(69,19): error TS2322: Type 'string | null' is not assignable to type 'string | undefined'.
  Type 'null' is not assignable to type 'string | undefined'.
src/components/TaskModal/hooks/useTaskPersistence.ts(6,34): error TS6196: 'Task' is declared but never used.
src/components/TaskModal/hooks/useTaskPersistence.ts(31,45): error TS2345: Argument of type 'string' is not assignable to parameter of type 'number'.
src/components/TaskModal/hooks/useTaskPersistence.ts(49,28): error TS2345: Argument of type 'string' is not assignable to parameter of type 'number'.
src/components/TaskModal/hooks/useTaskPersistence.ts(66,34): error TS2339: Property 'controlTask' does not exist on type 'ApiClient'.
src/components/TaskModal/sections/ConditionsTab.tsx(15,15): error TS2305: Module '"@/types/task"' has no exported member 'TaskConditions'.
src/components/TaskModal/sections/ConditionsTab.tsx(50,47): error TS7006: Parameter 'lang' implicitly has an 'any' type.
src/components/TaskModal/sections/ConditionsTab.tsx(130,40): error TS7006: Parameter 'language' implicitly has an 'any' type.
src/components/TaskModal/sections/GamesTab.tsx(77,19): error TS2322: Type 'string | null | undefined' is not assignable to type 'string | undefined'.
  Type 'null' is not assignable to type 'string | undefined'.
src/components/TaskModal/sections/RestrictionsTab.tsx(8,15): error TS2305: Module '"@/types/task"' has no exported member 'TaskRestrictions'.
src/components/TaskModal/TaskModal.tsx(43,3): error TS6133: 'onSubmit' is declared but its value is never read.
src/components/TaskModal/TaskModal.tsx(52,5): error TS6133: 'updateTaskData' is declared but its value is never read.
src/components/ui/dropdown-menu.tsx(5,1): error TS6192: All imports in import declaration are unused.
src/components/UserMenu.tsx(3,8): error TS6133: 'React' is declared but its value is never read.
src/contexts/AuthContext.tsx(5,1): error TS6133: 'api' is declared but its value is never read.
src/contexts/AuthContext.tsx(161,22): error TS2345: Argument of type '(prev: AuthState) => { error: string | undefined; isAuthenticated: boolean; user: User | null; twitchAccount: TwitchAccount | null; isLoading: boolean; }' is not assignable to parameter of type 'SetStateAction<AuthState>'.
  Type '(prev: AuthState) => { error: string | undefined; isAuthenticated: boolean; user: User | null; twitchAccount: TwitchAccount | null; isLoading: boolean; }' is not assignable to type '(prevState: AuthState) => AuthState'.
    Call signature return types '{ error: string | undefined; isAuthenticated: boolean; user: User | null; twitchAccount: TwitchAccount | null; isLoading: boolean; }' and 'AuthState' are incompatible.
      The types of 'error' are incompatible between these types.
        Type 'string | undefined' is not assignable to type 'string | null'.
          Type 'undefined' is not assignable to type 'string | null'.
src/hooks/useTaskMonitoring.ts(46,40): error TS2345: Argument of type 'string' is not assignable to parameter of type 'number'.
src/hooks/useTaskMonitoring.ts(54,39): error TS2345: Argument of type 'string' is not assignable to parameter of type 'number'.
src/hooks/useTaskMonitoring.ts(63,48): error TS2345: Argument of type 'string' is not assignable to parameter of type 'number'.
src/hooks/useTaskMonitoring.ts(64,22): error TS2339: Property 'alerts' does not exist on type 'TaskDetails'.
src/hooks/useTaskMonitoring.ts(73,17): error TS2339: Property 'updateTaskDetails' does not exist on type 'ApiClient'.
src/hooks/useTaskMonitoring.ts(76,37): error TS2559: Type '(string | undefined)[]' has no properties in common with type 'InvalidateQueryFilters<any, any, any, any>'.
src/hooks/useTaskMonitoring.ts(84,35): error TS2559: Type '(string | undefined)[]' has no properties in common with type 'InvalidateQueryFilters<any, any, any, any>'.
src/hooks/useTaskMonitoring.ts(85,35): error TS2559: Type '(string | undefined)[]' has no properties in common with type 'InvalidateQueryFilters<any, any, any, any>'.
src/hooks/useTaskMonitoring.ts(86,35): error TS2559: Type '(string | undefined)[]' has no properties in common with type 'InvalidateQueryFilters<any, any, any, any>'.
src/hooks/useWebSocket.ts(45,17): error TS2339: Property 'token' does not exist on type 'AuthContextType'.
src/lib/api.ts(282,9): error TS2322: Type '{ id: any; twitch_id: any; username: any; display_name: any; profile_image_url: any; description: any; follower_count: any; is_active: any; is_live: any; last_stream_date: any; last_game_id: any; last_game_name: any; last_game_box_art: any; most_played_game: any; premieres: any; }[]' is not assignable to type 'Channel[]'.
  Property 'created_at' is missing in type '{ id: any; twitch_id: any; username: any; display_name: any; profile_image_url: any; description: any; follower_count: any; is_active: any; is_live: any; last_stream_date: any; last_game_id: any; last_game_name: any; last_game_box_art: any; most_played_game: any; premieres: any; }' but required in type 'Channel'.
src/lib/api.ts(681,33): error TS2304: Cannot find name 'StreamPremiereEvent'.
src/lib/api.ts(693,38): error TS2304: Cannot find name 'RisingChannel'.
src/lib/api.ts(778,15): error TS2304: Cannot find name 'TrackPremiereResponse'.
src/lib/api/channelClient.ts(16,9): error TS2322: Type '{ id: any; twitch_id: any; username: any; display_name: any; profile_image_url: any; description: any; follower_count: any; is_active: any; is_live: any; last_stream_date: any; last_game_id: any; last_game_name: any; last_game_box_art: any; most_played_game: any; premieres: any; }[]' is not assignable to type 'Channel[]'.
  Property 'created_at' is missing in type '{ id: any; twitch_id: any; username: any; display_name: any; profile_image_url: any; description: any; follower_count: any; is_active: any; is_live: any; last_stream_date: any; last_game_id: any; last_game_name: any; last_game_box_art: any; most_played_game: any; premieres: any; }' but required in type 'Channel'.
src/lib/api/index.ts(65,8): error TS2307: Cannot find module '../types/queue' or its corresponding type declarations.
src/lib/api/settingsClient.ts(4,10): error TS2305: Module '"@/types"' has no exported member 'SettingsState'.
src/lib/api/types.ts(28,1): error TS2308: Module '@/types' has already exported a member named 'Channel'. Consider explicitly re-exporting to resolve the ambiguity.
src/lib/api/types.ts(28,1): error TS2308: Module '@/types' has already exported a member named 'Game'. Consider explicitly re-exporting to resolve the ambiguity.
src/pages/Channels.tsx(79,5): error TS2769: No overload matches this call.
  Overload 1 of 3, '(options: DefinedInitialDataOptions<Channel[], Error, Channel[], QueryKey>, queryClient?: QueryClient | undefined): DefinedUseQueryResult<...>', gave the following error.
    Type '() => Promise<{ id: number; twitch_id: string; username: string; display_name: string; profile_image_url: string | null; description: string; follower_count: number; is_active: true; is_live: boolean; ... 5 more ...; premieres: any[]; }[]>' is not assignable to type 'unique symbol | QueryFunction<Channel[], QueryKey, never> | undefined'.
      Type '() => Promise<{ id: number; twitch_id: string; username: string; display_name: string; profile_image_url: string | null; description: string; follower_count: number; is_active: true; is_live: boolean; ... 5 more ...; premieres: any[]; }[]>' is not assignable to type 'QueryFunction<Channel[], QueryKey, never>'.
        Type 'Promise<{ id: number; twitch_id: string; username: string; display_name: string; profile_image_url: string | null; description: string; follower_count: number; is_active: true; is_live: boolean; ... 5 more ...; premieres: any[]; }[]>' is not assignable to type 'Channel[] | Promise<Channel[]>'.
          Type 'Promise<{ id: number; twitch_id: string; username: string; display_name: string; profile_image_url: string | null; description: string; follower_count: number; is_active: true; is_live: boolean; ... 5 more ...; premieres: any[]; }[]>' is not assignable to type 'Promise<Channel[]>'.
            Type '{ id: number; twitch_id: string; username: string; display_name: string; profile_image_url: string | null; description: string; follower_count: number; is_active: true; is_live: boolean; last_stream_date: string | undefined; ... 4 more ...; premieres: any[]; }[]' is not assignable to type 'Channel[]'.
              Type '{ id: number; twitch_id: string; username: string; display_name: string; profile_image_url: string | null; description: string; follower_count: number; is_active: true; is_live: boolean; last_stream_date: string | undefined; ... 4 more ...; premieres: any[]; }' is not assignable to type 'Channel'.
                Types of property 'profile_image_url' are incompatible.
                  Type 'string | null' is not assignable to type 'string'.
                    Type 'null' is not assignable to type 'string'.
  Overload 2 of 3, '(options: UndefinedInitialDataOptions<Channel[], Error, Channel[], QueryKey>, queryClient?: QueryClient | undefined): UseQueryResult<...>', gave the following error.
    Type '() => Promise<{ id: number; twitch_id: string; username: string; display_name: string; profile_image_url: string | null; description: string; follower_count: number; is_active: true; is_live: boolean; ... 5 more ...; premieres: any[]; }[]>' is not assignable to type 'unique symbol | QueryFunction<Channel[], QueryKey, never> | undefined'.
      Type '() => Promise<{ id: number; twitch_id: string; username: string; display_name: string; profile_image_url: string | null; description: string; follower_count: number; is_active: true; is_live: boolean; ... 5 more ...; premieres: any[]; }[]>' is not assignable to type 'QueryFunction<Channel[], QueryKey, never>'.
        Type 'Promise<{ id: number; twitch_id: string; username: string; display_name: string; profile_image_url: string | null; description: string; follower_count: number; is_active: true; is_live: boolean; ... 5 more ...; premieres: any[]; }[]>' is not assignable to type 'Channel[] | Promise<Channel[]>'.
          Type 'Promise<{ id: number; twitch_id: string; username: string; display_name: string; profile_image_url: string | null; description: string; follower_count: number; is_active: true; is_live: boolean; ... 5 more ...; premieres: any[]; }[]>' is not assignable to type 'Promise<Channel[]>'.
            Type '{ id: number; twitch_id: string; username: string; display_name: string; profile_image_url: string | null; description: string; follower_count: number; is_active: true; is_live: boolean; last_stream_date: string | undefined; ... 4 more ...; premieres: any[]; }[]' is not assignable to type 'Channel[]'.
              Type '{ id: number; twitch_id: string; username: string; display_name: string; profile_image_url: string | null; description: string; follower_count: number; is_active: true; is_live: boolean; last_stream_date: string | undefined; ... 4 more ...; premieres: any[]; }' is not assignable to type 'Channel'.
                Types of property 'profile_image_url' are incompatible.
                  Type 'string | null' is not assignable to type 'string'.
                    Type 'null' is not assignable to type 'string'.
  Overload 3 of 3, '(options: UseQueryOptions<Channel[], Error, Channel[], QueryKey>, queryClient?: QueryClient | undefined): UseQueryResult<...>', gave the following error.
    Type '() => Promise<{ id: number; twitch_id: string; username: string; display_name: string; profile_image_url: string | null; description: string; follower_count: number; is_active: true; is_live: boolean; ... 5 more ...; premieres: any[]; }[]>' is not assignable to type 'unique symbol | QueryFunction<Channel[], QueryKey, never> | undefined'.
      Type '() => Promise<{ id: number; twitch_id: string; username: string; display_name: string; profile_image_url: string | null; description: string; follower_count: number; is_active: true; is_live: boolean; ... 5 more ...; premieres: any[]; }[]>' is not assignable to type 'QueryFunction<Channel[], QueryKey, never>'.
        Type 'Promise<{ id: number; twitch_id: string; username: string; display_name: string; profile_image_url: string | null; description: string; follower_count: number; is_active: true; is_live: boolean; ... 5 more ...; premieres: any[]; }[]>' is not assignable to type 'Channel[] | Promise<Channel[]>'.
          Type 'Promise<{ id: number; twitch_id: string; username: string; display_name: string; profile_image_url: string | null; description: string; follower_count: number; is_active: true; is_live: boolean; ... 5 more ...; premieres: any[]; }[]>' is not assignable to type 'Promise<Channel[]>'.
            Type '{ id: number; twitch_id: string; username: string; display_name: string; profile_image_url: string | null; description: string; follower_count: number; is_active: true; is_live: boolean; last_stream_date: string | undefined; ... 4 more ...; premieres: any[]; }[]' is not assignable to type 'Channel[]'.
              Type '{ id: number; twitch_id: string; username: string; display_name: string; profile_image_url: string | null; description: string; follower_count: number; is_active: true; is_live: boolean; last_stream_date: string | undefined; ... 4 more ...; premieres: any[]; }' is not assignable to type 'Channel'.
                Types of property 'profile_image_url' are incompatible.
                  Type 'string | null' is not assignable to type 'string'.
                    Type 'null' is not assignable to type 'string'.
src/pages/Channels.tsx(207,24): error TS2339: Property 'map' does not exist on type 'never[] | NonNullable<TQueryFnData>'.
  Property 'map' does not exist on type 'NonNullable<TQueryFnData>'.
src/pages/Channels.tsx(207,29): error TS7006: Parameter 'channel' implicitly has an 'any' type.
src/pages/Channels.tsx(290,53): error TS7006: Parameter 'premiere' implicitly has an 'any' type.
src/pages/Channels.tsx(290,63): error TS7006: Parameter 'index' implicitly has an 'any' type.
src/pages/Channels.tsx(328,9): error TS2322: Type 'UseMutateAsyncFunction<Channel[], any, any[], unknown>' is not assignable to type '(channels: TwitchChannel[]) => Promise<void>'.
  Type 'Promise<Channel[]>' is not assignable to type 'Promise<void>'.
    Type 'Channel[]' is not assignable to type 'void'.
src/pages/Channels.tsx(330,37): error TS2339: Property 'map' does not exist on type 'never[] | NonNullable<TQueryFnData>'.
  Property 'map' does not exist on type 'NonNullable<TQueryFnData>'.
src/pages/Channels.tsx(330,41): error TS7006: Parameter 'channel' implicitly has an 'any' type.
src/pages/Dashboard.tsx(63,5): error TS2769: No overload matches this call.
  Overload 1 of 3, '(options: DefinedInitialDataOptions<DashboardStats, Error, DashboardStats, string[]>, queryClient?: QueryClient | undefined): DefinedUseQueryResult<...>', gave the following error.
    Object literal may only specify known properties, and 'cacheTime' does not exist in type 'DefinedInitialDataOptions<DashboardStats, Error, DashboardStats, string[]>'.
  Overload 2 of 3, '(options: UndefinedInitialDataOptions<DashboardStats, Error, DashboardStats, string[]>, queryClient?: QueryClient | undefined): UseQueryResult<...>', gave the following error.
    Object literal may only specify known properties, and 'cacheTime' does not exist in type 'UndefinedInitialDataOptions<DashboardStats, Error, DashboardStats, string[]>'.
  Overload 3 of 3, '(options: UseQueryOptions<DashboardStats, Error, DashboardStats, string[]>, queryClient?: QueryClient | undefined): UseQueryResult<...>', gave the following error.
    Object literal may only specify known properties, and 'cacheTime' does not exist in type 'UseQueryOptions<DashboardStats, Error, DashboardStats, string[]>'.
src/pages/Games.tsx(10,11): error TS6196: 'Game' is declared but never used.
src/pages/Games.tsx(136,48): error TS2345: Argument of type 'string | null | undefined' is not assignable to parameter of type 'string | undefined'.
  Type 'null' is not assignable to type 'string | undefined'.
src/pages/settings/index.tsx(9,3): error TS6133: 'Check' is declared but its value is never read.
src/pages/TaskManager.tsx(168,37): error TS2559: Type 'string[]' has no properties in common with type 'InvalidateQueryFilters<any, any, any, any>'.
src/pages/TaskManager.tsx(188,37): error TS2559: Type 'string[]' has no properties in common with type 'InvalidateQueryFilters<any, any, any, any>'.
src/pages/TaskManager.tsx(208,37): error TS2559: Type 'string[]' has no properties in common with type 'InvalidateQueryFilters<any, any, any, any>'.
src/pages/TaskManager.tsx(228,37): error TS2559: Type 'string[]' has no properties in common with type 'InvalidateQueryFilters<any, any, any, any>'.
src/pages/TaskManager.tsx(352,39): error TS2559: Type 'string[]' has no properties in common with type 'InvalidateQueryFilters<any, any, any, any>'.
src/pages/TaskManager.tsx(353,39): error TS2559: Type 'string[]' has no properties in common with type 'InvalidateQueryFilters<any, any, any, any>'.
src/pages/TaskManager.tsx(422,9): error TS2322: Type '(taskId: number, currentStatus: TaskStatus) => Promise<void>' is not assignable to type '(taskId: number, status: string) => Promise<void>'.
  Types of parameters 'currentStatus' and 'status' are incompatible.
    Type 'string' is not assignable to type 'TaskStatus'.
src/pages/TaskManager.tsx(428,9): error TS2322: Type '(options?: RefetchOptions | undefined) => Promise<QueryObserverResult<Task[], Error>>' is not assignable to type '() => Promise<void>'.
  Type 'Promise<QueryObserverResult<Task[], Error>>' is not assignable to type 'Promise<void>'.
    Type 'QueryObserverResult<Task[], Error>' is not assignable to type 'void'.
      Type 'QueryObserverRefetchErrorResult<Task[], Error>' is not assignable to type 'void'.
src/pages/TaskMonitoring.tsx(50,20): error TS2322: Type '{ id: string; type: string; message: any; }' is not assignable to type 'never'.
src/pages/TaskMonitoring.tsx(50,65): error TS18046: 'error' is of type 'unknown'.
src/pages/TaskMonitoring.tsx(52,9): error TS2304: Cannot find name 'setLoading'.
src/pages/TaskMonitoring.tsx(58,19): error TS2339: Property 'errorRate' does not exist on type 'never'.
src/pages/TaskMonitoring.tsx(59,19): error TS2339: Property 'errorRate' does not exist on type 'never'.
src/pages/TaskMonitoring.tsx(67,16): error TS2322: Type '"destructive" | "success"' is not assignable to type '"default" | "secondary" | "destructive" | "outline" | null | undefined'.
  Type '"success"' is not assignable to type '"default" | "secondary" | "destructive" | "outline" | null | undefined'.
src/pages/TaskMonitoring.tsx(88,31): error TS2339: Property 'successRate' does not exist on type 'never'.
src/pages/TaskMonitoring.tsx(91,37): error TS2339: Property 'successRate' does not exist on type 'never'.
src/pages/TaskMonitoring.tsx(104,31): error TS2339: Property 'storageUsedGB' does not exist on type 'never'.
src/pages/TaskMonitoring.tsx(104,74): error TS2339: Property 'storageLimitGB' does not exist on type 'never'.
src/pages/TaskMonitoring.tsx(107,38): error TS2339: Property 'storageUsedGB' does not exist on type 'never'.
src/pages/TaskMonitoring.tsx(107,65): error TS2339: Property 'storageLimitGB' does not exist on type 'never'.
src/pages/TaskMonitoring.tsx(120,31): error TS2339: Property 'activeDownloads' does not exist on type 'never'.
src/pages/TaskMonitoring.tsx(120,67): error TS2339: Property 'maxConcurrent' does not exist on type 'never'.
src/pages/TaskMonitoring.tsx(123,38): error TS2339: Property 'activeDownloads' does not exist on type 'never'.
src/pages/TaskMonitoring.tsx(123,67): error TS2339: Property 'maxConcurrent' does not exist on type 'never'.
src/pages/TaskMonitoring.tsx(166,31): error TS2339: Property 'id' does not exist on type 'never'.
src/pages/TaskMonitoring.tsx(166,50): error TS2339: Property 'type' does not exist on type 'never'.
src/pages/TaskMonitoring.tsx(169,24): error TS2339: Property 'type' does not exist on type 'never'.
src/pages/TaskMonitoring.tsx(170,24): error TS2339: Property 'type' does not exist on type 'never'.
src/pages/TaskMonitoring.tsx(172,40): error TS2339: Property 'message' does not exist on type 'never'.
src/services/auth/twitch.ts(10,11): error TS6196: 'TwitchTokenResponse' is declared but never used.
src/services/auth/twitch.ts(18,11): error TS6196: 'TwitchUser' is declared but never used.
src/services/auth/twitch.ts(29,27): error TS6133: 'TOKEN_URL' is declared but its value is never read.
